Daquan Leblanc|Arcu Vel Quam Associates
Channing Mendez|Vehicula Pellentesque Corporation
Ivan Walker|Pellentesque Habitant Morbi Incorporated
Alec Richardson|Quisque Fringilla Euismod Corp.
Vernon Sheppard|Aliquam Fringilla Corporation
Acton Hunter|Mauris Aliquam Eu LLC
Wyatt Mccormick|Neque Sed Dictum Inc.
Joel Porter|Litora Torquent Per Limited
Abel Chen|Morbi Neque Tellus Corp.
Yuli Curtis|Purus Nullam Scelerisque Incorporated
Blaze Blackwell|Fusce Aliquam Consulting
Harlan Bailey|Pharetra Nibh Aliquam Ltd
Brady Morrow|Aliquam Fringilla Cursus Consulting
Jacob Bright|Dui Cras Pellentesque Industries
Connor Roberts|Aliquam Consulting
Cole Howard|Quisque Varius Company
Howard Saunders|Aliquam Associates